1784427885,,,/home/drian/Storage/Media/Anime/[MTBB] Mushoku Tensei S3 - 03 (WEB 1080p) [3C7153A0].mkv,101
1784428730,,,/home/drian/Storage/Media/Anime/[MTBB] Mushoku Tensei S3 - 03 (WEB 1080p) [3C7153A0].mkv,101
1784429088,,,/home/drian/Storage/Media/Anime/[MTBB] Mushoku Tensei S3 - 03 (WEB 1080p) [3C7153A0].mkv,101
1784429182,,,/home/drian/Storage/Media/Anime/[MTBB] Mushoku Tensei S3 - 03 (WEB 1080p) [3C7153A0].mkv,101
1784429565,,,/home/drian/Storage/Media/Anime/[MTBB] Mushoku Tensei S3 - 03 (WEB 1080p) [3C7153A0].mkv,101
1784429667,,,/home/drian/Storage/Media/Anime/[MTBB] Mushoku Tensei S3 - 03 (WEB 1080p) [3C7153A0].mkv,101
1784429898,,,/home/drian/Storage/Media/Anime/[MTBB] Mushoku Tensei S3 - 03 (WEB 1080p) [3C7153A0].mkv,101
1784442697,,,/home/drian/Pictures/Wallpapers/prana-system-error.1920x1080.mp4,77
1784442720,,,/home/drian/Pictures/Wallpapers/wallhaven-7jeozo.jpg,65
1784442725,,,/home/drian/Pictures/Wallpapers/wallhaven-2187km.jpg,65
1784442730,,,/home/drian/Pictures/Wallpapers/wallhaven-gwmzxe.jpg,65
1784442735,,,/home/drian/Pictures/Wallpapers/wallhaven-mlgomm.png,65
1784442830,,,/home/drian/Pictures/Wallpapers/prana-system-error.1920x1080.mp4,77
1784442901,,,/home/drian/Pictures/Wallpapers/prana-system-error.1920x1080.mp4,77
1784442915,,,/home/drian/Pictures/Wallpapers/prana-system-error.1920x1080.mp4,77
1784442922,,,/home/drian/Pictures/Wallpapers/prana-system-error.1920x1080.mp4,77
1784442936,,,/home/drian/Pictures/Wallpapers/prana-system-error.1920x1080.mp4,77
1784443239,,,/home/drian/Pictures/Wallpapers/prana-system-error.1920x1080.mp4,77
1784443251,,,/home/drian/Pictures/Wallpapers/prana-system-error.1920x1080.mp4,77
1784443253,,,/home/drian/Pictures/Wallpapers/wallhaven-7jeozo.jpg,65
1784443255,,,/home/drian/Pictures/Wallpapers/wallhaven-2187km.jpg,65
1784443256,,,/home/drian/Pictures/Wallpapers/wallhaven-gwmzxe.jpg,65
1784443256,,,/home/drian/Pictures/Wallpapers/wallhaven-mlgomm.png,65
1784443260,,,/home/drian/Pictures/Wallpapers/prana-system-error.1920x1080.mp4,77
1784443264,,,/home/drian/Pictures/Wallpapers/prana-system-error.1920x1080.mp4,77
1784443277,,,/home/drian/Pictures/Wallpapers/prana-system-error.1920x1080.mp4,77
1784973709,,,/home/drian/Pictures/Wallpapers/prana-system-error.1920x1080.mp4,77
1784976619,,,/home/drian/Videos/persona-5-tokyo-rainy-night-moewalls-com.mp4,76
1784979048,,,/home/drian/Videos/persona-5-tokyo-rainy-night-moewalls-com.mp4,76
1785948772,30,Wassermagier der Königsklasse,/home/drian/Storage/Media/Anime/Mushoku.Tensei.S03E04.1080p.CR.WEB-DL.DUAL.AAC2.0.x264-Fuchs.mkv,141
1785952071,,,/home/drian/Storage/Media/Anime/[SubsPlease] Mushoku Tensei S3 - 05 (1080p) [59135EFA].mkv,103
1785953313,,,/home/drian/Storage/Media/Anime/[SubsPlease] Mushoku Tensei S3 - 06 (1080p) [FB09F4CC].mkv,103
1785954651,30,Wassermagier der Königsklasse,/home/drian/Storage/Media/Anime/Mushoku.Tensei.S03E04.1080p.CR.WEB-DL.DUAL.AAC2.0.x264-Fuchs.mkv,141
1785962809,,,/home/drian/Storage/Media/recording_20260806_034644.mp4,68
1785962810,,,/home/drian/Storage/Media/Anime/[MTBB] Mushoku Tensei S3 - 03 (WEB 1080p) [3C7153A0].mkv,101
1786015990,,,/home/drian/Storage/Media/recording_20260806_183227.mp4,68
1786024330,,,/home/drian/Storage/Media/recording_20260806_183227.mp4,68
1786034747,,,/home/drian/Storage/Media/Anime/Tsue to Tsurugi no Wistoria S2/[SubsPlease] Tsue to Tsurugi no Wistoria S2 - 01 (1080p) [A88EE0BC].mkv,147
1786046017,,,/home/drian/Storage/Media/Anime/Tsue to Tsurugi no Wistoria S2/[SubsPlease] Tsue to Tsurugi no Wistoria S2 - 02 (1080p) [F8F24C02].mkv,147
1786047270,,,/home/drian/Storage/Media/Anime/Tsue to Tsurugi no Wistoria S2/[SubsPlease] Tsue to Tsurugi no Wistoria S2 - 03 (1080p) [7A10C33E].mkv,147
1786048489,,,/home/drian/Storage/Media/Anime/Tsue to Tsurugi no Wistoria S2/[SubsPlease] Tsue to Tsurugi no Wistoria S2 - 04 (1080p) [DC34B4A7].mkv,147
1786049520,,,/home/drian/Storage/Media/Anime/Tsue to Tsurugi no Wistoria S2/[SubsPlease] Tsue to Tsurugi no Wistoria S2 - 05 (1080p) [39E1D3C2].mkv,147
1786050373,,,/home/drian/Storage/Media/Anime/Tsue to Tsurugi no Wistoria S2/[SubsPlease] Tsue to Tsurugi no Wistoria S2 - 06 (1080p) [0B9D4E87].mkv,147
1786066041,,,/home/drian/Storage/Media/Anime/Tsue to Tsurugi no Wistoria S2/[SubsPlease] Tsue to Tsurugi no Wistoria S2 - 01 (1080p) [A88EE0BC].mkv,147
1786066052,,,/home/drian/Storage/Media/Anime/Tsue to Tsurugi no Wistoria S2/[SubsPlease] Tsue to Tsurugi no Wistoria S2 - 04 (1080p) [DC34B4A7].mkv,147
1786066058,,,/home/drian/Storage/Media/Anime/Tsue to Tsurugi no Wistoria S2/[SubsPlease] Tsue to Tsurugi no Wistoria S2 - 05 (1080p) [39E1D3C2].mkv,147
1786066069,,,/home/drian/Storage/Media/Anime/Tsue to Tsurugi no Wistoria S2/[SubsPlease] Tsue to Tsurugi no Wistoria S2 - 06 (1080p) [0B9D4E87].mkv,147
1786067252,,,/home/drian/Storage/Media/Anime/Tsue to Tsurugi no Wistoria S2/[SubsPlease] Tsue to Tsurugi no Wistoria S2 - 07 (1080p) [363B5153].mkv,147
1786068088,,,/home/drian/Storage/Media/Anime/Tsue to Tsurugi no Wistoria S2/[SubsPlease] Tsue to Tsurugi no Wistoria S2 - 08 (1080p) [66FDF30D].mkv,147
1786069307,,,/home/drian/Storage/Media/Anime/Tsue to Tsurugi no Wistoria S2/[SubsPlease] Tsue to Tsurugi no Wistoria S2 - 09 (1080p) [93325663].mkv,147
1786070537,,,/home/drian/Storage/Media/Anime/Tsue to Tsurugi no Wistoria S2/[SubsPlease] Tsue to Tsurugi no Wistoria S2 - 10 (1080p) [C825E649].mkv,147
1786071673,,,/home/drian/Storage/Media/Anime/Tsue to Tsurugi no Wistoria S2/[SubsPlease] Tsue to Tsurugi no Wistoria S2 - 11 (1080p) [A3BEEE8B].mkv,147
1786072919,,,/home/drian/Storage/Media/Anime/Tsue to Tsurugi no Wistoria S2/[SubsPlease] Tsue to Tsurugi no Wistoria S2 - 12 (1080p) [566F6B72].mkv,147
1786155797,81,Sentenced to Be a Hero - S01E01 - Sentence: Support Retreat from Couveunge Forest,/home/drian/Storage/Media/Anime/[Kawatare] Sentenced to Be a Hero S01 v2 (BD 1080p FLAC x265)/Sentenced.to.Be.a.Hero.S01E01.Sentence.Support.Retreat.from.Couveunge.Forest.1080p.BluRay.FLAC2.0.x265-Kawatare.mkv,305
1786159118,94,Sentenced to Be a Hero - S01E02 - Sentence: Spearhead the Recapture of the Zewan Gan Tunnels 1,/home/drian/Storage/Media/Anime/[Kawatare] Sentenced to Be a Hero S01 v2 (BD 1080p FLAC x265)/Sentenced.to.Be.a.Hero.S01E02.Sentence.Spearhead.the.Recapture.of.the.Zewan.Gan.Tunnels.1.1080p.BluRay.FLAC2.0.x265-Kawatare.mkv,331
1786161762,94,Sentenced to Be a Hero - S01E03 - Sentence: Spearhead the Recapture of the Zewan Gan Tunnels 2,/home/drian/Storage/Media/Anime/[Kawatare] Sentenced to Be a Hero S01 v2 (BD 1080p FLAC x265)/Sentenced.to.Be.a.Hero.S01E03.Sentence.Spearhead.the.Recapture.of.the.Zewan.Gan.Tunnels.2.1080p.BluRay.FLAC2.0.x265-Kawatare.mkv,331
1786169218,94,Sentenced to Be a Hero - S01E03 - Sentence: Spearhead the Recapture of the Zewan Gan Tunnels 2,/home/drian/Storage/Media/Anime/[Kawatare] Sentenced to Be a Hero S01 v2 (BD 1080p FLAC x265)/Sentenced.to.Be.a.Hero.S01E03.Sentence.Spearhead.the.Recapture.of.the.Zewan.Gan.Tunnels.2.1080p.BluRay.FLAC2.0.x265-Kawatare.mkv,331
1786170177,64,Sentenced to Be a Hero - S01E04 - Standby Order: Mureed Fortress,/home/drian/Storage/Media/Anime/[Kawatare] Sentenced to Be a Hero S01 v2 (BD 1080p FLAC x265)/Sentenced.to.Be.a.Hero.S01E04.Standby.Order.Mureed.Fortress.1080p.BluRay.FLAC2.0.x265-Kawatare.mkv,271
1786181318,81,Sentenced to Be a Hero - S01E01 - Sentence: Support Retreat from Couveunge Forest,/home/drian/Storage/Media/Anime/[Kawatare] Sentenced to Be a Hero S01 v2 (BD 1080p FLAC x265)/Sentenced.to.Be.a.Hero.S01E01.Sentence.Support.Retreat.from.Couveunge.Forest.1080p.BluRay.FLAC2.0.x265-Kawatare.mkv,305
1786181332,64,Sentenced to Be a Hero - S01E04 - Standby Order: Mureed Fortress,/home/drian/Storage/Media/Anime/[Kawatare] Sentenced to Be a Hero S01 v2 (BD 1080p FLAC x265)/Sentenced.to.Be.a.Hero.S01E04.Standby.Order.Mureed.Fortress.1080p.BluRay.FLAC2.0.x265-Kawatare.mkv,271
1786200677,64,Sentenced to Be a Hero - S01E04 - Standby Order: Mureed Fortress,/home/drian/Storage/Media/Anime/[Kawatare] Sentenced to Be a Hero S01 v2 (BD 1080p FLAC x265)/Sentenced.to.Be.a.Hero.S01E04.Standby.Order.Mureed.Fortress.1080p.BluRay.FLAC2.0.x265-Kawatare.mkv,271
1786203427,91,Sentenced to Be a Hero - S01E05 - Sentence: Defense Against Corruption at Mureed Fortress 1,/home/drian/Storage/Media/Anime/[Kawatare] Sentenced to Be a Hero S01 v2 (BD 1080p FLAC x265)/Sentenced.to.Be.a.Hero.S01E05.Sentence.Defense.Against.Corruption.at.Mureed.Fortress.1.1080p.BluRay.FLAC2.0.x265-Kawatare.mkv,325
1786235066,91,Sentenced to Be a Hero - S01E06 - Sentence: Defense Against Corruption at Mureed Fortress 2,/home/drian/Storage/Media/Anime/[Kawatare] Sentenced to Be a Hero S01 v2 (BD 1080p FLAC x265)/Sentenced.to.Be.a.Hero.S01E06.Sentence.Defense.Against.Corruption.at.Mureed.Fortress.2.1080p.BluRay.FLAC2.0.x265-Kawatare.mkv,325
1786236331,77,Sentenced to Be a Hero - S01E07 - Sentence: Feigned Day Off at Port City Ioff,/home/drian/Storage/Media/Anime/[Kawatare] Sentenced to Be a Hero S01 v2 (BD 1080p FLAC x265)/Sentenced.to.Be.a.Hero.S01E07.Sentence.Feigned.Day.Off.at.Port.City.Ioff.1080p.BluRay.FLAC2.0.x265-Kawatare.mkv,297
1786237493,93,Sentenced to Be a Hero - S01E08 - Sentence: Undercover Investigation in District of Sodrick 1,/home/drian/Storage/Media/Anime/[Kawatare] Sentenced to Be a Hero S01 v2 (BD 1080p FLAC x265)/Sentenced.to.Be.a.Hero.S01E08.Sentence.Undercover.Investigation.in.District.of.Sodrick.1.1080p.BluRay.FLAC2.0.x265-Kawatare.mkv,329
1786238653,93,Sentenced to Be a Hero - S01E09 - Sentence: Undercover Investigation in District of Sodrick 2,/home/drian/Storage/Media/Anime/[Kawatare] Sentenced to Be a Hero S01 v2 (BD 1080p FLAC x265)/Sentenced.to.Be.a.Hero.S01E09.Sentence.Undercover.Investigation.in.District.of.Sodrick.2.1080p.BluRay.FLAC2.0.x265-Kawatare.mkv,329
1786273628,93,Sentenced to Be a Hero - S01E09 - Sentence: Undercover Investigation in District of Sodrick 2,/home/drian/Storage/Media/Anime/[Kawatare] Sentenced to Be a Hero S01 v2 (BD 1080p FLAC x265)/Sentenced.to.Be.a.Hero.S01E09.Sentence.Undercover.Investigation.in.District.of.Sodrick.2.1080p.BluRay.FLAC2.0.x265-Kawatare.mkv,329
1786274066,81,Sentenced to Be a Hero - S01E10 - Sentence: Aid In Evacuation of Ioff Cheg Port 1,/home/drian/Storage/Media/Anime/[Kawatare] Sentenced to Be a Hero S01 v2 (BD 1080p FLAC x265)/Sentenced.to.Be.a.Hero.S01E10.Sentence.Aid.In.Evacuation.of.Ioff.Cheg.Port.1.1080p.BluRay.FLAC2.0.x265-Kawatare.mkv,305
1786283294,81,Sentenced to Be a Hero - S01E11 - Sentence: Aid In Evacuation of Ioff Cheg Port 2,/home/drian/Storage/Media/Anime/[Kawatare] Sentenced to Be a Hero S01 v2 (BD 1080p FLAC x265)/Sentenced.to.Be.a.Hero.S01E11.Sentence.Aid.In.Evacuation.of.Ioff.Cheg.Port.2.1080p.BluRay.FLAC2.0.x265-Kawatare.mkv,305
1786284953,81,Sentenced to Be a Hero - S01E12 - Sentence: Aid In Evacuation of Ioff Cheg Port 3,/home/drian/Storage/Media/Anime/[Kawatare] Sentenced to Be a Hero S01 v2 (BD 1080p FLAC x265)/Sentenced.to.Be.a.Hero.S01E12.Sentence.Aid.In.Evacuation.of.Ioff.Cheg.Port.3.1080p.BluRay.FLAC2.0.x265-Kawatare.mkv,305
1786318869,,,/home/drian/Videos/persona-5-tokyo-rainy-night-moewalls-com.mp4,76
1786319762,,,/home/drian/Videos/persona-5-tokyo-rainy-night-moewalls-com.mp4,76
1786320596,40,Clevatess S01E01 The Lord of Dark Beasts,/home/drian/Videos/Clevatess.S01.REPACK.1080p.BluRay.Remux.Dual-Audio.FLAC2.0.H.264-CRUCiBLE/Clevatess.S01E01.REPACK.1080p.BluRay.Remux.Dual-Audio.FLAC2.0.H.264-CRUCiBLE.mkv,228
1786320615,44,Clevatess S01E02 The Beast Lord in Captivity,/home/drian/Videos/Clevatess.S01.REPACK.1080p.BluRay.Remux.Dual-Audio.FLAC2.0.H.264-CRUCiBLE/Clevatess.S01E02.REPACK.1080p.BluRay.Remux.Dual-Audio.FLAC2.0.H.264-CRUCiBLE.mkv,232
1786379405,28,Clevatess S01E03 Hero's Duty,/home/drian/Videos/Clevatess.S01.REPACK.1080p.BluRay.Remux.Dual-Audio.FLAC2.0.H.264-CRUCiBLE/Clevatess.S01E03.REPACK.1080p.BluRay.Remux.Dual-Audio.FLAC2.0.H.264-CRUCiBLE.mkv,216
1786380585,31,Clevatess S01E04 Magical Talent,/home/drian/Videos/Clevatess.S01.REPACK.1080p.BluRay.Remux.Dual-Audio.FLAC2.0.H.264-CRUCiBLE/Clevatess.S01E04.REPACK.1080p.BluRay.Remux.Dual-Audio.FLAC2.0.H.264-CRUCiBLE.mkv,219
1786380586,32,Clevatess S01E05 Boelate's March,/home/drian/Videos/Clevatess.S01.REPACK.1080p.BluRay.Remux.Dual-Audio.FLAC2.0.H.264-CRUCiBLE/Clevatess.S01E05.REPACK.1080p.BluRay.Remux.Dual-Audio.FLAC2.0.H.264-CRUCiBLE.mkv,220
1786380590,31,Clevatess S01E04 Magical Talent,/home/drian/Videos/Clevatess.S01.REPACK.1080p.BluRay.Remux.Dual-Audio.FLAC2.0.H.264-CRUCiBLE/Clevatess.S01E04.REPACK.1080p.BluRay.Remux.Dual-Audio.FLAC2.0.H.264-CRUCiBLE.mkv,219
1786380597,28,Clevatess S01E03 Hero's Duty,/home/drian/Videos/Clevatess.S01.REPACK.1080p.BluRay.Remux.Dual-Audio.FLAC2.0.H.264-CRUCiBLE/Clevatess.S01E03.REPACK.1080p.BluRay.Remux.Dual-Audio.FLAC2.0.H.264-CRUCiBLE.mkv,216
1786380611,31,Clevatess S01E04 Magical Talent,/home/drian/Videos/Clevatess.S01.REPACK.1080p.BluRay.Remux.Dual-Audio.FLAC2.0.H.264-CRUCiBLE/Clevatess.S01E04.REPACK.1080p.BluRay.Remux.Dual-Audio.FLAC2.0.H.264-CRUCiBLE.mkv,219
1786381747,32,Clevatess S01E05 Boelate's March,/home/drian/Videos/Clevatess.S01.REPACK.1080p.BluRay.Remux.Dual-Audio.FLAC2.0.H.264-CRUCiBLE/Clevatess.S01E05.REPACK.1080p.BluRay.Remux.Dual-Audio.FLAC2.0.H.264-CRUCiBLE.mkv,220
1786382929,42,Clevatess S01E06 Insect Controlling Wizard,/home/drian/Videos/Clevatess.S01.REPACK.1080p.BluRay.Remux.Dual-Audio.FLAC2.0.H.264-CRUCiBLE/Clevatess.S01E06.REPACK.1080p.BluRay.Remux.Dual-Audio.FLAC2.0.H.264-CRUCiBLE.mkv,230
1786384036,33,Clevatess S01E07 Secrets of Magic,/home/drian/Videos/Clevatess.S01.REPACK.1080p.BluRay.Remux.Dual-Audio.FLAC2.0.H.264-CRUCiBLE/Clevatess.S01E07.REPACK.1080p.BluRay.Remux.Dual-Audio.FLAC2.0.H.264-CRUCiBLE.mkv,221
1786384972,35,Clevatess S01E08 Current of Insects,/home/drian/Videos/Clevatess.S01.REPACK.1080p.BluRay.Remux.Dual-Audio.FLAC2.0.H.264-CRUCiBLE/Clevatess.S01E08.REPACK.1080p.BluRay.Remux.Dual-Audio.FLAC2.0.H.264-CRUCiBLE.mkv,223
1786386035,33,Clevatess S01E09 War Zone Hiderat,/home/drian/Videos/Clevatess.S01.REPACK.1080p.BluRay.Remux.Dual-Audio.FLAC2.0.H.264-CRUCiBLE/Clevatess.S01E09.REPACK.1080p.BluRay.Remux.Dual-Audio.FLAC2.0.H.264-CRUCiBLE.mkv,221
1786386444,33,Clevatess S01E09 War Zone Hiderat,/home/drian/Videos/Clevatess.S01.REPACK.1080p.BluRay.Remux.Dual-Audio.FLAC2.0.H.264-CRUCiBLE/Clevatess.S01E09.REPACK.1080p.BluRay.Remux.Dual-Audio.FLAC2.0.H.264-CRUCiBLE.mkv,221
1786387590,31,Clevatess S01E10 Margo and Drel,/home/drian/Videos/Clevatess.S01.REPACK.1080p.BluRay.Remux.Dual-Audio.FLAC2.0.H.264-CRUCiBLE/Clevatess.S01E10.REPACK.1080p.BluRay.Remux.Dual-Audio.FLAC2.0.H.264-CRUCiBLE.mkv,219
1786388598,26,Clevatess S01E11 Fake Hero,/home/drian/Videos/Clevatess.S01.REPACK.1080p.BluRay.Remux.Dual-Audio.FLAC2.0.H.264-CRUCiBLE/Clevatess.S01E11.REPACK.1080p.BluRay.Remux.Dual-Audio.FLAC2.0.H.264-CRUCiBLE.mkv,214
1786389783,35,Clevatess S01E12 Return of the King,/home/drian/Videos/Clevatess.S01.REPACK.1080p.BluRay.Remux.Dual-Audio.FLAC2.0.H.264-CRUCiBLE/Clevatess.S01E12.REPACK.1080p.BluRay.Remux.Dual-Audio.FLAC2.0.H.264-CRUCiBLE.mkv,223
1786391036,,,/home/drian/Videos/Sousou no Frieren S2 1080p x265 10bit/[Shiniori-Raws] Sousou no Frieren S2 - 01 (BD 1920x1080 x265 10bit FLAC).mkv,146
1786490032,,,/home/drian/Videos/Sousou no Frieren S2 1080p x265 10bit/[Shiniori-Raws] Sousou no Frieren S2 - 01 (BD 1920x1080 x265 10bit FLAC).mkv,146
1786490350,,,/home/drian/Videos/Sousou no Frieren S2 1080p x265 10bit/[Shiniori-Raws] Sousou no Frieren S2 - 01 (BD 1920x1080 x265 10bit FLAC).mkv,146
